// Jest Snapshot v1, https://goo.gl/fbAQLP

exports[`Snapshot test renders correctly 1`] = `null`;
